// Jest Snapshot v1, https://goo.gl/fbAQLP

exports[`operation metadata summary fails if missing 1`] = `
Object {
  "base": Object {
    "info": Object {
      "title": "Empty",
      "version": "0.0.0",
    },
    "openapi": "3.0.1",
    "paths": Object {
      "/example": Object {
        "get": Object {
          "operationId": "getExample",
          "responses": Object {},
          "summary": "Retrieve example",
          "tags": Array [
            "Example",
          ],
        },
      },
    },
  },
  "changelog": Array [
    Object {
      "changed": Object {
        "after": Object {
          "method": "get",
          "operationId": "getExample",
          "pathPattern": "/example",
          "tags": Array [
            "Example",
          ],
        },
        "before": Object {
          "method": "get",
          "operationId": "getExample",
          "pathPattern": "/example",
          "summary": "Retrieve example",
          "tags": Array [
            "Example",
          ],
        },
      },
      "location": Object {
        "conceptualLocation": Object {
          "method": "get",
          "path": "/example",
        },
        "conceptualPath": Array [
          "operations",
          "/example",
          "get",
        ],
        "jsonPath": "/paths/~1example/get",
        "kind": "operation",
      },
    },
  ],
  "next": Object {
    "info": Object {
      "title": "Empty",
      "version": "0.0.0",
    },
    "openapi": "3.0.1",
    "paths": Object {
      "/example": Object {
        "get": Object {
          "operationId": "getExample",
          "responses": Object {},
          "tags": Array [
            "Example",
          ],
        },
      },
    },
  },
  "results": Array [
    Object {
      "change": Object {
        "location": Object {
          "conceptualLocation": Object {
            "method": "get",
            "path": "/example",
          },
          "conceptualPath": Array [
            "operations",
            "/example",
            "get",
          ],
          "jsonPath": "/paths/~1example/get",
          "kind": "operation",
        },
        "value": Object {
          "method": "get",
          "operationId": "getExample",
          "pathPattern": "/example",
          "tags": Array [
            "Example",
          ],
        },
      },
      "condition": "have a summary",
      "docsLink": undefined,
      "error": "expected undefined to exist",
      "isMust": true,
      "isShould": false,
      "passed": false,
      "where": "requirement for operation: GET /example",
    },
  ],
}
`;

exports[`operation metadata summary passes if provided 1`] = `
Object {
  "base": Object {
    "info": Object {
      "title": "Empty",
      "version": "0.0.0",
    },
    "openapi": "3.0.1",
    "paths": Object {
      "/example": Object {
        "get": Object {
          "operationId": "getExample",
          "responses": Object {},
          "summary": "Retrieve example",
          "tags": Array [
            "Example",
          ],
        },
      },
    },
  },
  "changelog": Array [
    Object {
      "changed": Object {
        "after": Object {
          "method": "get",
          "operationId": "getExample",
          "pathPattern": "/example",
          "summary": "I have a summary",
          "tags": Array [
            "Example",
          ],
        },
        "before": Object {
          "method": "get",
          "operationId": "getExample",
          "pathPattern": "/example",
          "summary": "Retrieve example",
          "tags": Array [
            "Example",
          ],
        },
      },
      "location": Object {
        "conceptualLocation": Object {
          "method": "get",
          "path": "/example",
        },
        "conceptualPath": Array [
          "operations",
          "/example",
          "get",
        ],
        "jsonPath": "/paths/~1example/get",
        "kind": "operation",
      },
    },
  ],
  "next": Object {
    "info": Object {
      "title": "Empty",
      "version": "0.0.0",
    },
    "openapi": "3.0.1",
    "paths": Object {
      "/example": Object {
        "get": Object {
          "operationId": "getExample",
          "responses": Object {},
          "summary": "I have a summary",
          "tags": Array [
            "Example",
          ],
        },
      },
    },
  },
  "results": Array [
    Object {
      "change": Object {
        "location": Object {
          "conceptualLocation": Object {
            "method": "get",
            "path": "/example",
          },
          "conceptualPath": Array [
            "operations",
            "/example",
            "get",
          ],
          "jsonPath": "/paths/~1example/get",
          "kind": "operation",
        },
        "value": Object {
          "method": "get",
          "operationId": "getExample",
          "pathPattern": "/example",
          "summary": "I have a summary",
          "tags": Array [
            "Example",
          ],
        },
      },
      "condition": "have a summary",
      "docsLink": undefined,
      "isMust": true,
      "isShould": false,
      "passed": true,
      "where": "requirement for operation: GET /example",
    },
  ],
}
`;

exports[`operation metadata tags fail is not provided 1`] = `
Object {
  "base": Object {
    "info": Object {
      "title": "Empty",
      "version": "0.0.0",
    },
    "openapi": "3.0.1",
    "paths": Object {
      "/example": Object {
        "get": Object {
          "operationId": "getExample",
          "responses": Object {},
          "summary": "Retrieve example",
          "tags": Array [
            "Example",
          ],
        },
      },
    },
  },
  "changelog": Array [
    Object {
      "changed": Object {
        "after": Object {
          "method": "get",
          "operationId": "getExample",
          "pathPattern": "/example",
          "summary": "Retrieve example",
        },
        "before": Object {
          "method": "get",
          "operationId": "getExample",
          "pathPattern": "/example",
          "summary": "Retrieve example",
          "tags": Array [
            "Example",
          ],
        },
      },
      "location": Object {
        "conceptualLocation": Object {
          "method": "get",
          "path": "/example",
        },
        "conceptualPath": Array [
          "operations",
          "/example",
          "get",
        ],
        "jsonPath": "/paths/~1example/get",
        "kind": "operation",
      },
    },
  ],
  "next": Object {
    "info": Object {
      "title": "Empty",
      "version": "0.0.0",
    },
    "openapi": "3.0.1",
    "paths": Object {
      "/example": Object {
        "get": Object {
          "operationId": "getExample",
          "responses": Object {},
          "summary": "Retrieve example",
        },
      },
    },
  },
  "results": Array [
    Object {
      "change": Object {
        "location": Object {
          "conceptualLocation": Object {
            "method": "get",
            "path": "/example",
          },
          "conceptualPath": Array [
            "operations",
            "/example",
            "get",
          ],
          "jsonPath": "/paths/~1example/get",
          "kind": "operation",
        },
        "value": Object {
          "method": "get",
          "operationId": "getExample",
          "pathPattern": "/example",
          "summary": "Retrieve example",
        },
      },
      "condition": "have tags",
      "docsLink": undefined,
      "error": "expected undefined to exist",
      "isMust": true,
      "isShould": false,
      "passed": false,
      "where": "requirement for operation: GET /example",
    },
  ],
}
`;

exports[`operation metadata tags passes if > 1 tag provided 1`] = `
Object {
  "base": Object {
    "info": Object {
      "title": "Empty",
      "version": "0.0.0",
    },
    "openapi": "3.0.1",
    "paths": Object {
      "/example": Object {
        "get": Object {
          "operationId": "getExample",
          "responses": Object {},
          "summary": "Retrieve example",
          "tags": Array [
            "Example",
          ],
        },
      },
    },
  },
  "changelog": Array [],
  "next": Object {
    "info": Object {
      "title": "Empty",
      "version": "0.0.0",
    },
    "openapi": "3.0.1",
    "paths": Object {
      "/example": Object {
        "get": Object {
          "operationId": "getExample",
          "responses": Object {},
          "summary": "Retrieve example",
          "tags": Array [
            "Example",
          ],
        },
      },
    },
  },
  "results": Array [
    Object {
      "change": Object {
        "location": Object {
          "conceptualLocation": Object {
            "method": "get",
            "path": "/example",
          },
          "conceptualPath": Array [
            "operations",
            "/example",
            "get",
          ],
          "jsonPath": "/paths/~1example/get",
          "kind": "operation",
        },
        "value": Object {
          "method": "get",
          "operationId": "getExample",
          "pathPattern": "/example",
          "summary": "Retrieve example",
          "tags": Array [
            "Example",
          ],
        },
      },
      "condition": "have tags",
      "docsLink": undefined,
      "isMust": true,
      "isShould": false,
      "passed": true,
      "where": "requirement for operation: GET /example",
    },
  ],
}
`;

exports[`operationId fails if changed 1`] = `
Object {
  "base": Object {
    "info": Object {
      "title": "Empty",
      "version": "0.0.0",
    },
    "openapi": "3.0.1",
    "paths": Object {
      "/example": Object {
        "get": Object {
          "operationId": "example",
          "responses": Object {},
        },
      },
    },
  },
  "changelog": Array [
    Object {
      "changed": Object {
        "after": Object {
          "method": "get",
          "operationId": "example2",
          "pathPattern": "/example",
        },
        "before": Object {
          "method": "get",
          "operationId": "example",
          "pathPattern": "/example",
        },
      },
      "location": Object {
        "conceptualLocation": Object {
          "method": "get",
          "path": "/example",
        },
        "conceptualPath": Array [
          "operations",
          "/example",
          "get",
        ],
        "jsonPath": "/paths/~1example/get",
        "kind": "operation",
      },
    },
  ],
  "next": Object {
    "info": Object {
      "title": "Empty",
      "version": "0.0.0",
    },
    "openapi": "3.0.1",
    "paths": Object {
      "/example": Object {
        "get": Object {
          "operationId": "example2",
          "responses": Object {},
        },
      },
    },
  },
  "results": Array [
    Object {
      "change": Object {
        "changed": Object {
          "after": Object {
            "method": "get",
            "operationId": "example2",
            "pathPattern": "/example",
          },
          "before": Object {
            "method": "get",
            "operationId": "example",
            "pathPattern": "/example",
          },
        },
        "location": Object {
          "conceptualLocation": Object {
            "method": "get",
            "path": "/example",
          },
          "conceptualPath": Array [
            "operations",
            "/example",
            "get",
          ],
          "jsonPath": "/paths/~1example/get",
          "kind": "operation",
        },
      },
      "condition": "have consistent operation IDs",
      "docsLink": undefined,
      "error": "expected 'example' to equal 'example2'",
      "isMust": true,
      "isShould": false,
      "passed": false,
      "where": "updated operation: GET /example",
    },
  ],
}
`;

exports[`operationId fails if removed 1`] = `
Object {
  "base": Object {
    "info": Object {
      "title": "Empty",
      "version": "0.0.0",
    },
    "openapi": "3.0.1",
    "paths": Object {
      "/example": Object {
        "get": Object {
          "operationId": "example",
          "responses": Object {},
        },
      },
    },
  },
  "changelog": Array [
    Object {
      "changed": Object {
        "after": Object {
          "method": "get",
          "pathPattern": "/example",
        },
        "before": Object {
          "method": "get",
          "operationId": "example",
          "pathPattern": "/example",
        },
      },
      "location": Object {
        "conceptualLocation": Object {
          "method": "get",
          "path": "/example",
        },
        "conceptualPath": Array [
          "operations",
          "/example",
          "get",
        ],
        "jsonPath": "/paths/~1example/get",
        "kind": "operation",
      },
    },
  ],
  "next": Object {
    "info": Object {
      "title": "Empty",
      "version": "0.0.0",
    },
    "openapi": "3.0.1",
    "paths": Object {
      "/example": Object {
        "get": Object {
          "responses": Object {},
        },
      },
    },
  },
  "results": Array [
    Object {
      "change": Object {
        "changed": Object {
          "after": Object {
            "method": "get",
            "pathPattern": "/example",
          },
          "before": Object {
            "method": "get",
            "operationId": "example",
            "pathPattern": "/example",
          },
        },
        "location": Object {
          "conceptualLocation": Object {
            "method": "get",
            "path": "/example",
          },
          "conceptualPath": Array [
            "operations",
            "/example",
            "get",
          ],
          "jsonPath": "/paths/~1example/get",
          "kind": "operation",
        },
      },
      "condition": "have consistent operation IDs",
      "docsLink": undefined,
      "error": "expected 'example' to equal undefined",
      "isMust": true,
      "isShould": false,
      "passed": false,
      "where": "updated operation: GET /example",
    },
  ],
}
`;

exports[`operationId missing fails if empty string 1`] = `
Object {
  "base": Object {
    "info": Object {
      "title": "Empty",
      "version": "0.0.0",
    },
    "openapi": "3.0.1",
    "paths": Object {
      "/example": Object {
        "get": Object {
          "responses": Object {},
        },
      },
    },
  },
  "changelog": Array [
    Object {
      "changed": Object {
        "after": Object {
          "method": "get",
          "operationId": "",
          "pathPattern": "/example",
        },
        "before": Object {
          "method": "get",
          "pathPattern": "/example",
        },
      },
      "location": Object {
        "conceptualLocation": Object {
          "method": "get",
          "path": "/example",
        },
        "conceptualPath": Array [
          "operations",
          "/example",
          "get",
        ],
        "jsonPath": "/paths/~1example/get",
        "kind": "operation",
      },
    },
  ],
  "next": Object {
    "info": Object {
      "title": "Empty",
      "version": "0.0.0",
    },
    "openapi": "3.0.1",
    "paths": Object {
      "/example": Object {
        "get": Object {
          "operationId": "",
          "responses": Object {},
        },
      },
    },
  },
  "results": Array [
    Object {
      "change": Object {
        "location": Object {
          "conceptualLocation": Object {
            "method": "get",
            "path": "/example",
          },
          "conceptualPath": Array [
            "operations",
            "/example",
            "get",
          ],
          "jsonPath": "/paths/~1example/get",
          "kind": "operation",
        },
        "value": Object {
          "method": "get",
          "operationId": "",
          "pathPattern": "/example",
        },
      },
      "condition": "have the correct operationId format",
      "docsLink": undefined,
      "error": "expected '' to be truthy",
      "isMust": true,
      "isShould": false,
      "passed": false,
      "where": "requirement for operation: GET /example",
    },
  ],
}
`;

exports[`operationId missing fails if undefined 1`] = `
Object {
  "base": Object {
    "info": Object {
      "title": "Empty",
      "version": "0.0.0",
    },
    "openapi": "3.0.1",
    "paths": Object {
      "/example": Object {
        "get": Object {
          "responses": Object {},
        },
      },
    },
  },
  "changelog": Array [],
  "next": Object {
    "info": Object {
      "title": "Empty",
      "version": "0.0.0",
    },
    "openapi": "3.0.1",
    "paths": Object {
      "/example": Object {
        "get": Object {
          "responses": Object {},
        },
      },
    },
  },
  "results": Array [
    Object {
      "change": Object {
        "location": Object {
          "conceptualLocation": Object {
            "method": "get",
            "path": "/example",
          },
          "conceptualPath": Array [
            "operations",
            "/example",
            "get",
          ],
          "jsonPath": "/paths/~1example/get",
          "kind": "operation",
        },
        "value": Object {
          "method": "get",
          "pathPattern": "/example",
        },
      },
      "condition": "have the correct operationId format",
      "docsLink": undefined,
      "error": "expected undefined to be truthy",
      "isMust": true,
      "isShould": false,
      "passed": false,
      "where": "requirement for operation: GET /example",
    },
  ],
}
`;

exports[`operationId when set fails if not camel case 1`] = `
Object {
  "base": Object {
    "info": Object {
      "title": "Empty",
      "version": "0.0.0",
    },
    "openapi": "3.0.1",
    "paths": Object {
      "/example": Object {
        "get": Object {
          "responses": Object {},
        },
      },
    },
  },
  "changelog": Array [
    Object {
      "changed": Object {
        "after": Object {
          "method": "get",
          "operationId": "get-hello-world",
          "pathPattern": "/example",
        },
        "before": Object {
          "method": "get",
          "pathPattern": "/example",
        },
      },
      "location": Object {
        "conceptualLocation": Object {
          "method": "get",
          "path": "/example",
        },
        "conceptualPath": Array [
          "operations",
          "/example",
          "get",
        ],
        "jsonPath": "/paths/~1example/get",
        "kind": "operation",
      },
    },
  ],
  "next": Object {
    "info": Object {
      "title": "Empty",
      "version": "0.0.0",
    },
    "openapi": "3.0.1",
    "paths": Object {
      "/example": Object {
        "get": Object {
          "operationId": "get-hello-world",
          "responses": Object {},
        },
      },
    },
  },
  "results": Array [
    Object {
      "change": Object {
        "location": Object {
          "conceptualLocation": Object {
            "method": "get",
            "path": "/example",
          },
          "conceptualPath": Array [
            "operations",
            "/example",
            "get",
          ],
          "jsonPath": "/paths/~1example/get",
          "kind": "operation",
        },
        "value": Object {
          "method": "get",
          "operationId": "get-hello-world",
          "pathPattern": "/example",
        },
      },
      "condition": "have the correct operationId format",
      "docsLink": undefined,
      "error": "operationId \\"get-hello-world\\" must be formatted [get|create|list|update|delete]camelCaseResource: expected false to be truthy",
      "isMust": true,
      "isShould": false,
      "passed": false,
      "where": "requirement for operation: GET /example",
    },
  ],
}
`;

exports[`operationId when set fails if prefix is wrong 1`] = `
Object {
  "base": Object {
    "info": Object {
      "title": "Empty",
      "version": "0.0.0",
    },
    "openapi": "3.0.1",
    "paths": Object {
      "/example": Object {
        "get": Object {
          "responses": Object {},
        },
      },
    },
  },
  "changelog": Array [
    Object {
      "changed": Object {
        "after": Object {
          "method": "get",
          "operationId": "findHelloWorld",
          "pathPattern": "/example",
        },
        "before": Object {
          "method": "get",
          "pathPattern": "/example",
        },
      },
      "location": Object {
        "conceptualLocation": Object {
          "method": "get",
          "path": "/example",
        },
        "conceptualPath": Array [
          "operations",
          "/example",
          "get",
        ],
        "jsonPath": "/paths/~1example/get",
        "kind": "operation",
      },
    },
  ],
  "next": Object {
    "info": Object {
      "title": "Empty",
      "version": "0.0.0",
    },
    "openapi": "3.0.1",
    "paths": Object {
      "/example": Object {
        "get": Object {
          "operationId": "findHelloWorld",
          "responses": Object {},
        },
      },
    },
  },
  "results": Array [
    Object {
      "change": Object {
        "location": Object {
          "conceptualLocation": Object {
            "method": "get",
            "path": "/example",
          },
          "conceptualPath": Array [
            "operations",
            "/example",
            "get",
          ],
          "jsonPath": "/paths/~1example/get",
          "kind": "operation",
        },
        "value": Object {
          "method": "get",
          "operationId": "findHelloWorld",
          "pathPattern": "/example",
        },
      },
      "condition": "have the correct operationId format",
      "docsLink": undefined,
      "error": "operationId \\"findHelloWorld\\" must be formatted [get|create|list|update|delete]camelCaseResource: expected false to be truthy",
      "isMust": true,
      "isShould": false,
      "passed": false,
      "where": "requirement for operation: GET /example",
    },
  ],
}
`;
