// Jest Snapshot v1, https://goo.gl/fbAQLP

exports[`body properties example fails if doesn't exist 1`] = `
Object {
  "base": Object {
    "info": Object {
      "title": "Empty",
      "version": "0.0.0",
    },
    "openapi": "3.0.1",
    "paths": Object {
      "/example": Object {
        "get": Object {
          "responses": Object {},
        },
      },
    },
  },
  "changelog": Array [
    Object {
      "added": Object {
        "contentType": "application/json",
        "flatSchema": Object {
          "type": "object",
        },
      },
      "location": Object {
        "conceptualLocation": Object {
          "inResponse": Object {
            "body": Object {
              "contentType": "application/json",
            },
            "statusCode": "200",
          },
          "method": "get",
          "path": "/example",
        },
        "conceptualPath": Array [
          "operations",
          "/example",
          "get",
          "responses",
          "200",
          "application/json",
        ],
        "jsonPath": "/paths/~1example/get/responses/200/content/application~1json",
        "kind": "body",
      },
    },
    Object {
      "added": Object {
        "flatSchema": Object {
          "type": "string",
        },
        "key": "name",
        "required": false,
      },
      "location": Object {
        "conceptualLocation": Object {
          "inResponse": Object {
            "body": Object {
              "contentType": "application/json",
            },
            "statusCode": "200",
          },
          "jsonSchemaTrail": Array [
            "name",
          ],
          "method": "get",
          "path": "/example",
        },
        "conceptualPath": Array [
          "operations",
          "/example",
          "get",
          "responses",
          "200",
          "application/json",
          "name",
        ],
        "jsonPath": "/paths/~1example/get/responses/200/content/application~1json/schema/properties/name",
        "kind": "field",
      },
    },
    Object {
      "added": Object {
        "description": "",
        "statusCode": 200,
      },
      "location": Object {
        "conceptualLocation": Object {
          "inResponse": Object {
            "statusCode": "200",
          },
          "method": "get",
          "path": "/example",
        },
        "conceptualPath": Array [
          "operations",
          "/example",
          "get",
          "responses",
          "200",
        ],
        "jsonPath": "/paths/~1example/get/responses/200",
        "kind": "response",
      },
    },
  ],
  "next": Object {
    "info": Object {
      "title": "Empty",
      "version": "0.0.0",
    },
    "openapi": "3.0.1",
    "paths": Object {
      "/example": Object {
        "get": Object {
          "responses": Object {
            "200": Object {
              "content": Object {
                "application/json": Object {
                  "schema": Object {
                    "properties": Object {
                      "name": Object {
                        "type": "string",
                      },
                    },
                    "type": "object",
                  },
                },
              },
              "description": "",
            },
          },
        },
      },
    },
  },
  "results": Array [
    Object {
      "change": Object {
        "location": Object {
          "conceptualLocation": Object {
            "inResponse": Object {
              "body": Object {
                "contentType": "application/json",
              },
              "statusCode": "200",
            },
            "jsonSchemaTrail": Array [
              "name",
            ],
            "method": "get",
            "path": "/example",
          },
          "conceptualPath": Array [
            "operations",
            "/example",
            "get",
            "responses",
            "200",
            "application/json",
            "name",
          ],
          "jsonPath": "/paths/~1example/get/responses/200/content/application~1json/schema/properties/name",
          "kind": "field",
        },
        "value": Object {
          "flatSchema": Object {
            "type": "string",
          },
          "key": "name",
          "required": false,
        },
      },
      "condition": "have an example",
      "docsLink": undefined,
      "error": "expected undefined to exist",
      "isMust": true,
      "isShould": false,
      "passed": false,
      "where": "requirement for field: field name",
    },
  ],
}
`;

exports[`body properties example passes if exists 1`] = `
Object {
  "base": Object {
    "info": Object {
      "title": "Empty",
      "version": "0.0.0",
    },
    "openapi": "3.0.1",
    "paths": Object {
      "/example": Object {
        "get": Object {
          "responses": Object {},
        },
      },
    },
  },
  "changelog": Array [
    Object {
      "added": Object {
        "contentType": "application/json",
        "flatSchema": Object {
          "type": "object",
        },
      },
      "location": Object {
        "conceptualLocation": Object {
          "inResponse": Object {
            "body": Object {
              "contentType": "application/json",
            },
            "statusCode": "200",
          },
          "method": "get",
          "path": "/example",
        },
        "conceptualPath": Array [
          "operations",
          "/example",
          "get",
          "responses",
          "200",
          "application/json",
        ],
        "jsonPath": "/paths/~1example/get/responses/200/content/application~1json",
        "kind": "body",
      },
    },
    Object {
      "added": Object {
        "flatSchema": Object {
          "example": "Jane Doe",
          "type": "string",
        },
        "key": "name",
        "required": false,
      },
      "location": Object {
        "conceptualLocation": Object {
          "inResponse": Object {
            "body": Object {
              "contentType": "application/json",
            },
            "statusCode": "200",
          },
          "jsonSchemaTrail": Array [
            "name",
          ],
          "method": "get",
          "path": "/example",
        },
        "conceptualPath": Array [
          "operations",
          "/example",
          "get",
          "responses",
          "200",
          "application/json",
          "name",
        ],
        "jsonPath": "/paths/~1example/get/responses/200/content/application~1json/schema/properties/name",
        "kind": "field",
      },
    },
    Object {
      "added": Object {
        "description": "",
        "statusCode": 200,
      },
      "location": Object {
        "conceptualLocation": Object {
          "inResponse": Object {
            "statusCode": "200",
          },
          "method": "get",
          "path": "/example",
        },
        "conceptualPath": Array [
          "operations",
          "/example",
          "get",
          "responses",
          "200",
        ],
        "jsonPath": "/paths/~1example/get/responses/200",
        "kind": "response",
      },
    },
  ],
  "next": Object {
    "info": Object {
      "title": "Empty",
      "version": "0.0.0",
    },
    "openapi": "3.0.1",
    "paths": Object {
      "/example": Object {
        "get": Object {
          "responses": Object {
            "200": Object {
              "content": Object {
                "application/json": Object {
                  "schema": Object {
                    "properties": Object {
                      "name": Object {
                        "example": "Jane Doe",
                        "type": "string",
                      },
                    },
                    "type": "object",
                  },
                },
              },
              "description": "",
            },
          },
        },
      },
    },
  },
  "results": Array [
    Object {
      "change": Object {
        "location": Object {
          "conceptualLocation": Object {
            "inResponse": Object {
              "body": Object {
                "contentType": "application/json",
              },
              "statusCode": "200",
            },
            "jsonSchemaTrail": Array [
              "name",
            ],
            "method": "get",
            "path": "/example",
          },
          "conceptualPath": Array [
            "operations",
            "/example",
            "get",
            "responses",
            "200",
            "application/json",
            "name",
          ],
          "jsonPath": "/paths/~1example/get/responses/200/content/application~1json/schema/properties/name",
          "kind": "field",
        },
        "value": Object {
          "flatSchema": Object {
            "example": "Jane Doe",
            "type": "string",
          },
          "key": "name",
          "required": false,
        },
      },
      "condition": "have an example",
      "docsLink": undefined,
      "isMust": true,
      "isShould": false,
      "passed": true,
      "where": "requirement for field: field name",
    },
  ],
}
`;

exports[`body properties format fails if format doesn't exist 1`] = `
Object {
  "base": Object {
    "info": Object {
      "title": "Empty",
      "version": "0.0.0",
    },
    "openapi": "3.0.1",
    "paths": Object {
      "/example": Object {
        "get": Object {
          "responses": Object {},
        },
      },
    },
  },
  "changelog": Array [
    Object {
      "added": Object {
        "contentType": "application/json",
        "flatSchema": Object {
          "type": "object",
        },
      },
      "location": Object {
        "conceptualLocation": Object {
          "inResponse": Object {
            "body": Object {
              "contentType": "application/json",
            },
            "statusCode": "200",
          },
          "method": "get",
          "path": "/example",
        },
        "conceptualPath": Array [
          "operations",
          "/example",
          "get",
          "responses",
          "200",
          "application/json",
        ],
        "jsonPath": "/paths/~1example/get/responses/200/content/application~1json",
        "kind": "body",
      },
    },
    Object {
      "added": Object {
        "flatSchema": Object {
          "type": "string",
        },
        "key": "name",
        "required": false,
      },
      "location": Object {
        "conceptualLocation": Object {
          "inResponse": Object {
            "body": Object {
              "contentType": "application/json",
            },
            "statusCode": "200",
          },
          "jsonSchemaTrail": Array [
            "name",
          ],
          "method": "get",
          "path": "/example",
        },
        "conceptualPath": Array [
          "operations",
          "/example",
          "get",
          "responses",
          "200",
          "application/json",
          "name",
        ],
        "jsonPath": "/paths/~1example/get/responses/200/content/application~1json/schema/properties/name",
        "kind": "field",
      },
    },
    Object {
      "added": Object {
        "description": "",
        "statusCode": 200,
      },
      "location": Object {
        "conceptualLocation": Object {
          "inResponse": Object {
            "statusCode": "200",
          },
          "method": "get",
          "path": "/example",
        },
        "conceptualPath": Array [
          "operations",
          "/example",
          "get",
          "responses",
          "200",
        ],
        "jsonPath": "/paths/~1example/get/responses/200",
        "kind": "response",
      },
    },
  ],
  "next": Object {
    "info": Object {
      "title": "Empty",
      "version": "0.0.0",
    },
    "openapi": "3.0.1",
    "paths": Object {
      "/example": Object {
        "get": Object {
          "responses": Object {
            "200": Object {
              "content": Object {
                "application/json": Object {
                  "schema": Object {
                    "properties": Object {
                      "name": Object {
                        "type": "string",
                      },
                    },
                    "type": "object",
                  },
                },
              },
              "description": "",
            },
          },
        },
      },
    },
  },
  "results": Array [
    Object {
      "change": Object {
        "location": Object {
          "conceptualLocation": Object {
            "inResponse": Object {
              "body": Object {
                "contentType": "application/json",
              },
              "statusCode": "200",
            },
            "jsonSchemaTrail": Array [
              "name",
            ],
            "method": "get",
            "path": "/example",
          },
          "conceptualPath": Array [
            "operations",
            "/example",
            "get",
            "responses",
            "200",
            "application/json",
            "name",
          ],
          "jsonPath": "/paths/~1example/get/responses/200/content/application~1json/schema/properties/name",
          "kind": "field",
        },
        "value": Object {
          "flatSchema": Object {
            "type": "string",
          },
          "key": "name",
          "required": false,
        },
      },
      "condition": "have a format when a string",
      "docsLink": undefined,
      "error": "expected undefined to exist",
      "isMust": false,
      "isShould": true,
      "passed": false,
      "where": "requirement for field: field name",
    },
  ],
}
`;

exports[`body properties format passes if not a string 1`] = `
Object {
  "base": Object {
    "info": Object {
      "title": "Empty",
      "version": "0.0.0",
    },
    "openapi": "3.0.1",
    "paths": Object {
      "/example": Object {
        "get": Object {
          "responses": Object {},
        },
      },
    },
  },
  "changelog": Array [
    Object {
      "added": Object {
        "contentType": "application/json",
        "flatSchema": Object {
          "type": "object",
        },
      },
      "location": Object {
        "conceptualLocation": Object {
          "inResponse": Object {
            "body": Object {
              "contentType": "application/json",
            },
            "statusCode": "200",
          },
          "method": "get",
          "path": "/example",
        },
        "conceptualPath": Array [
          "operations",
          "/example",
          "get",
          "responses",
          "200",
          "application/json",
        ],
        "jsonPath": "/paths/~1example/get/responses/200/content/application~1json",
        "kind": "body",
      },
    },
    Object {
      "added": Object {
        "flatSchema": Object {
          "type": "number",
        },
        "key": "count",
        "required": false,
      },
      "location": Object {
        "conceptualLocation": Object {
          "inResponse": Object {
            "body": Object {
              "contentType": "application/json",
            },
            "statusCode": "200",
          },
          "jsonSchemaTrail": Array [
            "count",
          ],
          "method": "get",
          "path": "/example",
        },
        "conceptualPath": Array [
          "operations",
          "/example",
          "get",
          "responses",
          "200",
          "application/json",
          "count",
        ],
        "jsonPath": "/paths/~1example/get/responses/200/content/application~1json/schema/properties/count",
        "kind": "field",
      },
    },
    Object {
      "added": Object {
        "description": "",
        "statusCode": 200,
      },
      "location": Object {
        "conceptualLocation": Object {
          "inResponse": Object {
            "statusCode": "200",
          },
          "method": "get",
          "path": "/example",
        },
        "conceptualPath": Array [
          "operations",
          "/example",
          "get",
          "responses",
          "200",
        ],
        "jsonPath": "/paths/~1example/get/responses/200",
        "kind": "response",
      },
    },
  ],
  "next": Object {
    "info": Object {
      "title": "Empty",
      "version": "0.0.0",
    },
    "openapi": "3.0.1",
    "paths": Object {
      "/example": Object {
        "get": Object {
          "responses": Object {
            "200": Object {
              "content": Object {
                "application/json": Object {
                  "schema": Object {
                    "properties": Object {
                      "count": Object {
                        "type": "number",
                      },
                    },
                    "type": "object",
                  },
                },
              },
              "description": "",
            },
          },
        },
      },
    },
  },
  "results": Array [
    Object {
      "change": Object {
        "location": Object {
          "conceptualLocation": Object {
            "inResponse": Object {
              "body": Object {
                "contentType": "application/json",
              },
              "statusCode": "200",
            },
            "jsonSchemaTrail": Array [
              "count",
            ],
            "method": "get",
            "path": "/example",
          },
          "conceptualPath": Array [
            "operations",
            "/example",
            "get",
            "responses",
            "200",
            "application/json",
            "count",
          ],
          "jsonPath": "/paths/~1example/get/responses/200/content/application~1json/schema/properties/count",
          "kind": "field",
        },
        "value": Object {
          "flatSchema": Object {
            "type": "number",
          },
          "key": "count",
          "required": false,
        },
      },
      "condition": "have a format when a string",
      "docsLink": undefined,
      "isMust": false,
      "isShould": true,
      "passed": true,
      "where": "requirement for field: field count",
    },
  ],
}
`;

exports[`body properties key fails when not camel case 1`] = `
Object {
  "base": Object {
    "info": Object {
      "title": "Empty",
      "version": "0.0.0",
    },
    "openapi": "3.0.1",
    "paths": Object {
      "/example": Object {
        "get": Object {
          "responses": Object {},
        },
      },
    },
  },
  "changelog": Array [
    Object {
      "added": Object {
        "contentType": "application/json",
        "flatSchema": Object {
          "type": "object",
        },
      },
      "location": Object {
        "conceptualLocation": Object {
          "inResponse": Object {
            "body": Object {
              "contentType": "application/json",
            },
            "statusCode": "200",
          },
          "method": "get",
          "path": "/example",
        },
        "conceptualPath": Array [
          "operations",
          "/example",
          "get",
          "responses",
          "200",
          "application/json",
        ],
        "jsonPath": "/paths/~1example/get/responses/200/content/application~1json",
        "kind": "body",
      },
    },
    Object {
      "added": Object {
        "flatSchema": Object {
          "type": "string",
        },
        "key": "not-camel-case",
        "required": false,
      },
      "location": Object {
        "conceptualLocation": Object {
          "inResponse": Object {
            "body": Object {
              "contentType": "application/json",
            },
            "statusCode": "200",
          },
          "jsonSchemaTrail": Array [
            "not-camel-case",
          ],
          "method": "get",
          "path": "/example",
        },
        "conceptualPath": Array [
          "operations",
          "/example",
          "get",
          "responses",
          "200",
          "application/json",
          "not-camel-case",
        ],
        "jsonPath": "/paths/~1example/get/responses/200/content/application~1json/schema/properties/not-camel-case",
        "kind": "field",
      },
    },
    Object {
      "added": Object {
        "description": "",
        "statusCode": 200,
      },
      "location": Object {
        "conceptualLocation": Object {
          "inResponse": Object {
            "statusCode": "200",
          },
          "method": "get",
          "path": "/example",
        },
        "conceptualPath": Array [
          "operations",
          "/example",
          "get",
          "responses",
          "200",
        ],
        "jsonPath": "/paths/~1example/get/responses/200",
        "kind": "response",
      },
    },
  ],
  "next": Object {
    "info": Object {
      "title": "Empty",
      "version": "0.0.0",
    },
    "openapi": "3.0.1",
    "paths": Object {
      "/example": Object {
        "get": Object {
          "responses": Object {
            "200": Object {
              "content": Object {
                "application/json": Object {
                  "schema": Object {
                    "properties": Object {
                      "not-camel-case": Object {
                        "type": "string",
                      },
                    },
                    "type": "object",
                  },
                },
              },
              "description": "",
            },
          },
        },
      },
    },
  },
  "results": Array [
    Object {
      "change": Object {
        "location": Object {
          "conceptualLocation": Object {
            "inResponse": Object {
              "body": Object {
                "contentType": "application/json",
              },
              "statusCode": "200",
            },
            "jsonSchemaTrail": Array [
              "not-camel-case",
            ],
            "method": "get",
            "path": "/example",
          },
          "conceptualPath": Array [
            "operations",
            "/example",
            "get",
            "responses",
            "200",
            "application/json",
            "not-camel-case",
          ],
          "jsonPath": "/paths/~1example/get/responses/200/content/application~1json/schema/properties/not-camel-case",
          "kind": "field",
        },
        "value": Object {
          "flatSchema": Object {
            "type": "string",
          },
          "key": "not-camel-case",
          "required": false,
        },
      },
      "condition": "have camel case keys",
      "docsLink": undefined,
      "error": "expected false to be truthy",
      "isMust": true,
      "isShould": false,
      "passed": false,
      "where": "requirement for field: field not-camel-case",
    },
  ],
}
`;

exports[`body properties key passes when camel case 1`] = `
Object {
  "base": Object {
    "info": Object {
      "title": "Empty",
      "version": "0.0.0",
    },
    "openapi": "3.0.1",
    "paths": Object {
      "/example": Object {
        "get": Object {
          "responses": Object {},
        },
      },
    },
  },
  "changelog": Array [
    Object {
      "added": Object {
        "contentType": "application/json",
        "flatSchema": Object {
          "type": "object",
        },
      },
      "location": Object {
        "conceptualLocation": Object {
          "inResponse": Object {
            "body": Object {
              "contentType": "application/json",
            },
            "statusCode": "200",
          },
          "method": "get",
          "path": "/example",
        },
        "conceptualPath": Array [
          "operations",
          "/example",
          "get",
          "responses",
          "200",
          "application/json",
        ],
        "jsonPath": "/paths/~1example/get/responses/200/content/application~1json",
        "kind": "body",
      },
    },
    Object {
      "added": Object {
        "flatSchema": Object {
          "type": "string",
        },
        "key": "isCamelCase",
        "required": false,
      },
      "location": Object {
        "conceptualLocation": Object {
          "inResponse": Object {
            "body": Object {
              "contentType": "application/json",
            },
            "statusCode": "200",
          },
          "jsonSchemaTrail": Array [
            "isCamelCase",
          ],
          "method": "get",
          "path": "/example",
        },
        "conceptualPath": Array [
          "operations",
          "/example",
          "get",
          "responses",
          "200",
          "application/json",
          "isCamelCase",
        ],
        "jsonPath": "/paths/~1example/get/responses/200/content/application~1json/schema/properties/isCamelCase",
        "kind": "field",
      },
    },
    Object {
      "added": Object {
        "description": "",
        "statusCode": 200,
      },
      "location": Object {
        "conceptualLocation": Object {
          "inResponse": Object {
            "statusCode": "200",
          },
          "method": "get",
          "path": "/example",
        },
        "conceptualPath": Array [
          "operations",
          "/example",
          "get",
          "responses",
          "200",
        ],
        "jsonPath": "/paths/~1example/get/responses/200",
        "kind": "response",
      },
    },
  ],
  "next": Object {
    "info": Object {
      "title": "Empty",
      "version": "0.0.0",
    },
    "openapi": "3.0.1",
    "paths": Object {
      "/example": Object {
        "get": Object {
          "responses": Object {
            "200": Object {
              "content": Object {
                "application/json": Object {
                  "schema": Object {
                    "properties": Object {
                      "isCamelCase": Object {
                        "type": "string",
                      },
                    },
                    "type": "object",
                  },
                },
              },
              "description": "",
            },
          },
        },
      },
    },
  },
  "results": Array [
    Object {
      "change": Object {
        "location": Object {
          "conceptualLocation": Object {
            "inResponse": Object {
              "body": Object {
                "contentType": "application/json",
              },
              "statusCode": "200",
            },
            "jsonSchemaTrail": Array [
              "isCamelCase",
            ],
            "method": "get",
            "path": "/example",
          },
          "conceptualPath": Array [
            "operations",
            "/example",
            "get",
            "responses",
            "200",
            "application/json",
            "isCamelCase",
          ],
          "jsonPath": "/paths/~1example/get/responses/200/content/application~1json/schema/properties/isCamelCase",
          "kind": "field",
        },
        "value": Object {
          "flatSchema": Object {
            "type": "string",
          },
          "key": "isCamelCase",
          "required": false,
        },
      },
      "condition": "have camel case keys",
      "docsLink": undefined,
      "isMust": true,
      "isShould": false,
      "passed": true,
      "where": "requirement for field: field isCamelCase",
    },
  ],
}
`;
